// Jest Snapshot v1, https://goo.gl/fbAQLP

exports[`betterer should skip a test 1`] = `
Array [
  "
   \\\\ | /     _          _   _                     
 '-.ooo.-'  | |__   ___| |_| |_ ___ _ __ ___ _ __ 
---ooooo--- | '_ \\\\ / _ \\\\ __| __/ _ \\\\ '__/ _ \\\\ '__|
 .-'ooo'-.  | |_) |  __/ |_| ||  __/ | |  __/ |   
   / | \\\\    |_.__/ \\\\___|\\\\__|\\\\__\\\\___|_|  \\\\___|_|   
 ",
  " ☀️  betterer  info  💬  - ",
  "0 things got checked. 🤔",
  " ☀️  betterer  warn  ⚠️  - ",
  "2 things got skipped. ❌",
]
`;

exports[`betterer should skip a test 2`] = `"// BETTERER RESULTS V1."`;
